    Finished `release` profile [optimized] target(s) in 0.11s
     Running tests/performance.rs (/tmp/klin490-integrated-target/release/deps/performance-5f83b20e1d31d109)

running 1 test
DUP_AB {"counters":{"external_processes":0,"extra_parses":0,"fingerprints":0,"normalize_ms":0.0,"scope":"shared normalization/fingerprinting lower bound; excludes index and lineage","shared_files":0,"tokens":0,"unchanged_source_reads":0,"whole_tree_walks":0},"enabled":false,"end_to_end_ms":1298.414167,"iteration":0,"phase":"warm20"}
DUP_AB {"counters":{"external_processes":0,"extra_parses":0,"fingerprints":1577,"normalize_ms":8.940206,"scope":"shared normalization/fingerprinting lower bound; excludes index and lineage","shared_files":40,"tokens":23688,"unchanged_source_reads":0,"whole_tree_walks":0},"enabled":true,"end_to_end_ms":1319.608667,"iteration":0,"phase":"warm20"}
DUP_AB {"counters":{"external_processes":0,"extra_parses":0,"fingerprints":1577,"normalize_ms":8.817541,"scope":"shared normalization/fingerprinting lower bound; excludes index and lineage","shared_files":40,"tokens":23688,"unchanged_source_reads":0,"whole_tree_walks":0},"enabled":true,"end_to_end_ms":1288.640166,"iteration":1,"phase":"warm20"}
DUP_AB {"counters":{"external_processes":0,"extra_parses":0,"fingerprints":0,"normalize_ms":0.0,"scope":"shared normalization/fingerprinting lower bound; excludes index and lineage","shared_files":0,"tokens":0,"unchanged_source_reads":0,"whole_tree_walks":0},"enabled":false,"end_to_end_ms":1287.235167,"iteration":1,"phase":"warm20"}
DUP_AB {"counters":{"external_processes":0,"extra_parses":0,"fingerprints":0,"normalize_ms":0.0,"scope":"shared normalization/fingerprinting lower bound; excludes index and lineage","shared_files":0,"tokens":0,"unchanged_source_reads":0,"whole_tree_walks":0},"enabled":false,"end_to_end_ms":1293.782208,"iteration":2,"phase":"warm20"}
DUP_AB {"counters":{"external_processes":0,"extra_parses":0,"fingerprints":1577,"normalize_ms":8.803333,"scope":"shared normalization/fingerprinting lower bound; excludes index and lineage","shared_files":40,"tokens":23688,"unchanged_source_reads":0,"whole_tree_walks":0},"enabled":true,"end_to_end_ms":1303.634833,"iteration":2,"phase":"warm20"}
DUP_AB {"counters":{"external_processes":0,"extra_parses":0,"fingerprints":1577,"normalize_ms":9.124913,"scope":"shared normalization/fingerprinting lower bound; excludes index and lineage","shared_files":40,"tokens":23688,"unchanged_source_reads":0,"whole_tree_walks":0},"enabled":true,"end_to_end_ms":1306.378042,"iteration":3,"phase":"warm20"}
DUP_AB {"counters":{"external_processes":0,"extra_parses":0,"fingerprints":0,"normalize_ms":0.0,"scope":"shared normalization/fingerprinting lower bound; excludes index and lineage","shared_files":0,"tokens":0,"unchanged_source_reads":0,"whole_tree_walks":0},"enabled":false,"end_to_end_ms":1295.459959,"iteration":3,"phase":"warm20"}
DUP_AB {"counters":{"external_processes":0,"extra_parses":0,"fingerprints":0,"normalize_ms":0.0,"scope":"shared normalization/fingerprinting lower bound; excludes index and lineage","shared_files":0,"tokens":0,"unchanged_source_reads":0,"whole_tree_walks":0},"enabled":false,"end_to_end_ms":1308.426417,"iteration":4,"phase":"warm20"}
DUP_AB {"counters":{"external_processes":0,"extra_parses":0,"fingerprints":1577,"normalize_ms":8.919792,"scope":"shared normalization/fingerprinting lower bound; excludes index and lineage","shared_files":40,"tokens":23688,"unchanged_source_reads":0,"whole_tree_walks":0},"enabled":true,"end_to_end_ms":1297.660917,"iteration":4,"phase":"warm20"}
test duplication_shared_tree_research has been running for over 60 seconds
DUP_AB {"counters":{"external_processes":0,"extra_parses":0,"fingerprints":0,"normalize_ms":0.0,"scope":"shared normalization/fingerprinting lower bound; excludes index and lineage","shared_files":0,"tokens":0,"unchanged_source_reads":0,"whole_tree_walks":0},"enabled":false,"end_to_end_ms":1663.681542,"iteration":0,"phase":"warm100"}
DUP_AB {"counters":{"external_processes":0,"extra_parses":0,"fingerprints":7855,"normalize_ms":43.323335,"scope":"shared normalization/fingerprinting lower bound; excludes index and lineage","shared_files":200,"tokens":118568,"unchanged_source_reads":0,"whole_tree_walks":0},"enabled":true,"end_to_end_ms":1715.390459,"iteration":0,"phase":"warm100"}
DUP_AB {"counters":{"external_processes":0,"extra_parses":0,"fingerprints":7855,"normalize_ms":43.019251,"scope":"shared normalization/fingerprinting lower bound; excludes index and lineage","shared_files":200,"tokens":118568,"unchanged_source_reads":0,"whole_tree_walks":0},"enabled":true,"end_to_end_ms":1714.305333,"iteration":1,"phase":"warm100"}
DUP_AB {"counters":{"external_processes":0,"extra_parses":0,"fingerprints":0,"normalize_ms":0.0,"scope":"shared normalization/fingerprinting lower bound; excludes index and lineage","shared_files":0,"tokens":0,"unchanged_source_reads":0,"whole_tree_walks":0},"enabled":false,"end_to_end_ms":1665.004958,"iteration":1,"phase":"warm100"}
DUP_AB {"counters":{"external_processes":0,"extra_parses":0,"fingerprints":0,"normalize_ms":0.0,"scope":"shared normalization/fingerprinting lower bound; excludes index and lineage","shared_files":0,"tokens":0,"unchanged_source_reads":0,"whole_tree_walks":0},"enabled":false,"end_to_end_ms":1667.989542,"iteration":2,"phase":"warm100"}
DUP_AB {"counters":{"external_processes":0,"extra_parses":0,"fingerprints":7855,"normalize_ms":43.685878,"scope":"shared normalization/fingerprinting lower bound; excludes index and lineage","shared_files":200,"tokens":118568,"unchanged_source_reads":0,"whole_tree_walks":0},"enabled":true,"end_to_end_ms":1726.733125,"iteration":2,"phase":"warm100"}
DUP_AB {"counters":{"external_processes":0,"extra_parses":0,"fingerprints":7855,"normalize_ms":43.134043,"scope":"shared normalization/fingerprinting lower bound; excludes index and lineage","shared_files":200,"tokens":118568,"unchanged_source_reads":0,"whole_tree_walks":0},"enabled":true,"end_to_end_ms":1725.210125,"iteration":3,"phase":"warm100"}
DUP_AB {"counters":{"external_processes":0,"extra_parses":0,"fingerprints":0,"normalize_ms":0.0,"scope":"shared normalization/fingerprinting lower bound; excludes index and lineage","shared_files":0,"tokens":0,"unchanged_source_reads":0,"whole_tree_walks":0},"enabled":false,"end_to_end_ms":1689.124292,"iteration":3,"phase":"warm100"}
DUP_AB {"counters":{"external_processes":0,"extra_parses":0,"fingerprints":0,"normalize_ms":0.0,"scope":"shared normalization/fingerprinting lower bound; excludes index and lineage","shared_files":0,"tokens":0,"unchanged_source_reads":0,"whole_tree_walks":0},"enabled":false,"end_to_end_ms":1680.263875,"iteration":4,"phase":"warm100"}
DUP_AB {"counters":{"external_processes":0,"extra_parses":0,"fingerprints":7855,"normalize_ms":43.281087,"scope":"shared normalization/fingerprinting lower bound; excludes index and lineage","shared_files":200,"tokens":118568,"unchanged_source_reads":0,"whole_tree_walks":0},"enabled":true,"end_to_end_ms":1718.220083,"iteration":4,"phase":"warm100"}
DUP_AB {"counters":{"external_processes":0,"extra_parses":0,"fingerprints":0,"normalize_ms":0.0,"scope":"shared normalization/fingerprinting lower bound; excludes index and lineage","shared_files":0,"tokens":0,"unchanged_source_reads":0,"whole_tree_walks":0},"enabled":false,"end_to_end_ms":32308.697207999998,"iteration":0,"phase":"cold"}
DUP_AB {"counters":{"external_processes":0,"extra_parses":0,"fingerprints":784494,"normalize_ms":4354.304261,"scope":"shared normalization/fingerprinting lower bound; excludes index and lineage","shared_files":20096,"tokens":11919300,"unchanged_source_reads":0,"whole_tree_walks":0},"enabled":true,"end_to_end_ms":37063.437958,"iteration":0,"phase":"cold"}
DUP_AB {"counters":{"external_processes":0,"extra_parses":0,"fingerprints":784494,"normalize_ms":4361.562462,"scope":"shared normalization/fingerprinting lower bound; excludes index and lineage","shared_files":20096,"tokens":11919300,"unchanged_source_reads":0,"whole_tree_walks":0},"enabled":true,"end_to_end_ms":36696.076208,"iteration":1,"phase":"cold"}
DUP_AB {"counters":{"external_processes":0,"extra_parses":0,"fingerprints":0,"normalize_ms":0.0,"scope":"shared normalization/fingerprinting lower bound; excludes index and lineage","shared_files":0,"tokens":0,"unchanged_source_reads":0,"whole_tree_walks":0},"enabled":false,"end_to_end_ms":32258.58625,"iteration":1,"phase":"cold"}
DUP_AB {"counters":{"external_processes":0,"extra_parses":0,"fingerprints":0,"normalize_ms":0.0,"scope":"shared normalization/fingerprinting lower bound; excludes index and lineage","shared_files":0,"tokens":0,"unchanged_source_reads":0,"whole_tree_walks":0},"enabled":false,"end_to_end_ms":31953.649792,"iteration":2,"phase":"cold"}
DUP_AB {"counters":{"external_processes":0,"extra_parses":0,"fingerprints":784494,"normalize_ms":4365.42309,"scope":"shared normalization/fingerprinting lower bound; excludes index and lineage","shared_files":20096,"tokens":11919300,"unchanged_source_reads":0,"whole_tree_walks":0},"enabled":true,"end_to_end_ms":36970.413375,"iteration":2,"phase":"cold"}
DUP_AB {"counters":{"external_processes":0,"extra_parses":0,"fingerprints":784494,"normalize_ms":4353.726279,"scope":"shared normalization/fingerprinting lower bound; excludes index and lineage","shared_files":20096,"tokens":11919300,"unchanged_source_reads":0,"whole_tree_walks":0},"enabled":true,"end_to_end_ms":36646.288833,"iteration":3,"phase":"cold"}
DUP_AB {"counters":{"external_processes":0,"extra_parses":0,"fingerprints":0,"normalize_ms":0.0,"scope":"shared normalization/fingerprinting lower bound; excludes index and lineage","shared_files":0,"tokens":0,"unchanged_source_reads":0,"whole_tree_walks":0},"enabled":false,"end_to_end_ms":32211.437250000003,"iteration":3,"phase":"cold"}
DUP_AB {"counters":{"external_processes":0,"extra_parses":0,"fingerprints":0,"normalize_ms":0.0,"scope":"shared normalization/fingerprinting lower bound; excludes index and lineage","shared_files":0,"tokens":0,"unchanged_source_reads":0,"whole_tree_walks":0},"enabled":false,"end_to_end_ms":33318.967667000004,"iteration":4,"phase":"cold"}
DUP_AB {"counters":{"external_processes":0,"extra_parses":0,"fingerprints":784494,"normalize_ms":4366.766153,"scope":"shared normalization/fingerprinting lower bound; excludes index and lineage","shared_files":20096,"tokens":11919300,"unchanged_source_reads":0,"whole_tree_walks":0},"enabled":true,"end_to_end_ms":36821.811709,"iteration":4,"phase":"cold"}
test duplication_shared_tree_research ... ok

test result: ok. 1 passed; 0 failed; 0 ignored; 0 measured; 2 filtered out; finished in 426.73s

